[ RUN      ] semu-race/race_shared_same_warp_write_write
[       OK ] semu-race/race_shared_same_warp_write_write
[ RUN      ] semu-race/race_shared_same_warp_read_write
[       OK ] semu-race/race_shared_same_warp_read_write
[ RUN      ] semu-race/race_shared_same_warp_program_order_no_race
[       OK ] semu-race/race_shared_same_warp_program_order_no_race
[ RUN      ] semu-race/race_shared_cross_warp_no_barrier
[       OK ] semu-race/race_shared_cross_warp_no_barrier
[ RUN      ] semu-race/race_shared_barrier_after_no_race
[       OK ] semu-race/race_shared_barrier_after_no_race
[ RUN      ] semu-race/race_shared_disjoint_bytes
[       OK ] semu-race/race_shared_disjoint_bytes
[ RUN      ] semu-race/race_shared_same_address_atomic
[       OK ] semu-race/race_shared_same_address_atomic
[ RUN      ] semu-race/race_global_cross_cta_write_write
[       OK ] semu-race/race_global_cross_cta_write_write
[ RUN      ] semu-race/race_global_cross_sm_read_write
[       OK ] semu-race/race_global_cross_sm_read_write
[ RUN      ] semu-race/race_global_fence_alone_no_hb
[       OK ] semu-race/race_global_fence_alone_no_hb
[ RUN      ] semu-race/race_global_atomic_release_acquire_no_race
[       OK ] semu-race/race_global_atomic_release_acquire_no_race
[ RUN      ] semu-race/race_global_atomic_relaxed_after_release_race
[       OK ] semu-race/race_global_atomic_relaxed_after_release_race
[ RUN      ] semu-race/race_shared_write_after_read_no_order
[       OK ] semu-race/race_shared_write_after_read_no_order
[ RUN      ] semu-race/race_shared_write_after_read_after_barrier
[       OK ] semu-race/race_shared_write_after_read_after_barrier
[ RUN      ] semu-race/race_global_different_allocation
[       OK ] semu-race/race_global_different_allocation
[ RUN      ] semu-race/race_global_overlap_nonaligned
[       OK ] semu-race/race_global_overlap_nonaligned
[ RUN      ] semu-race/race_dedup_reversed_observation_order
[       OK ] semu-race/race_dedup_reversed_observation_order
[ RUN      ] semu-race/race_global_reclaim_generation_isolates
[       OK ] semu-race/race_global_reclaim_generation_isolates
[ RUN      ] semu-race/race_report_deterministic
[       OK ] semu-race/race_report_deterministic
[ RUN      ] semu-race/race_json_carries_order_scope_ok
[       OK ] semu-race/race_json_carries_order_scope_ok
[ RUN      ] semu-race/race_classify_order_scope
[       OK ] semu-race/race_classify_order_scope
[ RUN      ] semu-race/race_interval_split_keeps_nonoverlapping_tail
[       OK ] semu-race/race_interval_split_keeps_nonoverlapping_tail
[ RUN      ] semu-race/race_read_preserves_writer_for_waw
[       OK ] semu-race/race_read_preserves_writer_for_waw
[ RUN      ] semu-race/race_atomic_write_plain_read_atomic_write_reports_war
[       OK ] semu-race/race_atomic_write_plain_read_atomic_write_reports_war
[ RUN      ] semu-race/race_atomic_write_plain_read_with_release_acquire_hb_no_report
[       OK ] semu-race/race_atomic_write_plain_read_with_release_acquire_hb_no_report
[ RUN      ] semu-race/race_reverse_instruction_order_still_races
[       OK ] semu-race/race_reverse_instruction_order_still_races
[ RUN      ] semu-race/race_scope_cta_release_does_not_cross_cta
[       OK ] semu-race/race_scope_cta_release_does_not_cross_cta
[ RUN      ] semu-race/race_scope_cta_release_visible_to_same_cta_gpu_acquire
[       OK ] semu-race/race_scope_cta_release_visible_to_same_cta_gpu_acquire
[ RUN      ] semu-race/race_scope_gpu_release_not_visible_to_other_cta_cta_acquire
[       OK ] semu-race/race_scope_gpu_release_not_visible_to_other_cta_cta_acquire
[ RUN      ] semu-race/race_scope_sm_release_domain
[       OK ] semu-race/race_scope_sm_release_domain
[  PASSED  ] all semu race tests
