[ RUN      ] semu-debugger/dbg_step_basic
[       OK ] semu-debugger/dbg_step_basic
[ RUN      ] semu-debugger/dbg_unsupported_stops_before_exec_and_state_viewable
[       OK ] semu-debugger/dbg_unsupported_stops_before_exec_and_state_viewable
[ RUN      ] semu-debugger/dbg_step_n_then_continue_matches_direct_continue
[       OK ] semu-debugger/dbg_step_n_then_continue_matches_direct_continue
[ RUN      ] semu-debugger/dbg_breakpoint_divergence_pc_group_and_lane_mask
[       OK ] semu-debugger/dbg_breakpoint_divergence_pc_group_and_lane_mask
[ RUN      ] semu-debugger/dbg_breakpoint_cta_warp_lane_condition
[       OK ] semu-debugger/dbg_breakpoint_cta_warp_lane_condition
[ RUN      ] semu-debugger/dbg_mnemonic_breakpoint_compares_mnemonic
[       OK ] semu-debugger/dbg_mnemonic_breakpoint_compares_mnemonic
[ RUN      ] semu-debugger/dbg_mnemonic_breakpoint_nonexistent_target_runs_to_done
[       OK ] semu-debugger/dbg_mnemonic_breakpoint_nonexistent_target_runs_to_done
[ RUN      ] semu-debugger/dbg_watchpoint_multilane
[       OK ] semu-debugger/dbg_watchpoint_multilane
[ RUN      ] semu-debugger/dbg_watchpoint_cross_boundary_and_negative
[       OK ] semu-debugger/dbg_watchpoint_cross_boundary_and_negative
[ RUN      ] semu-debugger/dbg_watchpoint_atomic_and_kind_negatives
[       OK ] semu-debugger/dbg_watchpoint_atomic_and_kind_negatives
[ RUN      ] semu-debugger/dbg_modify_register_changes_execution
[       OK ] semu-debugger/dbg_modify_register_changes_execution
[ RUN      ] semu-debugger/dbg_modify_memory_changes_execution
[       OK ] semu-debugger/dbg_modify_memory_changes_execution
[ RUN      ] semu-debugger/dbg_fault_stop_state_viewable_memory_fault
[       OK ] semu-debugger/dbg_fault_stop_state_viewable_memory_fault
[ RUN      ] semu-debugger/dbg_instruction_limit_stops_with_state
[       OK ] semu-debugger/dbg_instruction_limit_stops_with_state
[ RUN      ] semu-debugger/dbg_warp_step_focus
[       OK ] semu-debugger/dbg_warp_step_focus
[ RUN      ] semu-debugger/dbg_focus_warp_exits_then_clear_focus_continues
[       OK ] semu-debugger/dbg_focus_warp_exits_then_clear_focus_continues
[ RUN      ] semu-debugger/dbg_focus_warp_waiting_barrier_released_by_other
[       OK ] semu-debugger/dbg_focus_warp_waiting_barrier_released_by_other
[ RUN      ] semu-debugger/dbg_focus_nonexistent_cta_warp_rejected
[       OK ] semu-debugger/dbg_focus_nonexistent_cta_warp_rejected
[ RUN      ] semu-debugger/dbg_continue_run_barrier_deadlock_reports_fault
[       OK ] semu-debugger/dbg_continue_run_barrier_deadlock_reports_fault
[ RUN      ] semu-debugger/dbg_state_view_barrier_scoreboard_pending_sreg
[       OK ] semu-debugger/dbg_state_view_barrier_scoreboard_pending_sreg
[ RUN      ] semu-debugger/dbg_pc_and_pred_write_continue
[       OK ] semu-debugger/dbg_pc_and_pred_write_continue
[ RUN      ] semu-debugger/dbg_shared_local_memory_requires_explicit_scope
[       OK ] semu-debugger/dbg_shared_local_memory_requires_explicit_scope
[ RUN      ] semu-debugger/dbg_watchpoint_range_overflow_rejected
[       OK ] semu-debugger/dbg_watchpoint_range_overflow_rejected
[ RUN      ] semu-debugger/dbg_breakpoint_step_over_64bit_pc
[       OK ] semu-debugger/dbg_breakpoint_step_over_64bit_pc
[ RUN      ] semu-debugger/dbg_suspend_bp_identity_64bit
[       OK ] semu-debugger/dbg_suspend_bp_identity_64bit
[ RUN      ] semu-debugger/dbg_breakpoint_watchpoint_shared_id_pool
[       OK ] semu-debugger/dbg_breakpoint_watchpoint_shared_id_pool
[ RUN      ] semu-debugger/dbg_trace_fully_reproducible
[       OK ] semu-debugger/dbg_trace_fully_reproducible
[  PASSED  ] all semu debugger tests
