[ RUN      ] semu-memory/memory_allocate_deterministic
[       OK ] semu-memory/memory_allocate_deterministic
[ RUN      ] semu-memory/memory_lifecycle_checks
[       OK ] semu-memory/memory_lifecycle_checks
[ RUN      ] semu-memory/memory_memset_and_copy
[       OK ] semu-memory/memory_memset_and_copy
[ RUN      ] semu-memory/memory_allocation_ids_stable
[       OK ] semu-memory/memory_allocation_ids_stable
[ RUN      ] semu-memory/memory_bad_alignment_rejected
[       OK ] semu-memory/memory_bad_alignment_rejected
[ RUN      ] semu-memory/memory_deviceptr_arithmetic
[       OK ] semu-memory/memory_deviceptr_arithmetic
[ RUN      ] semu-memory/constant_bank_param_layout
[       OK ] semu-memory/constant_bank_param_layout
[ RUN      ] semu-memory/constant_bank_bad_layout_rejected
[       OK ] semu-memory/constant_bank_bad_layout_rejected
[ RUN      ] semu-memory/context_launch_per_item_args
[       OK ] semu-memory/context_launch_per_item_args
[ RUN      ] semu-memory/context_packed_buffer_matches_item_args
[       OK ] semu-memory/context_packed_buffer_matches_item_args
[ RUN      ] semu-memory/context_launch_error_paths
[       OK ] semu-memory/context_launch_error_paths
[ RUN      ] semu-memory/context_shared_and_backend
[       OK ] semu-memory/context_shared_and_backend
[ RUN      ] semu-memory/context_bigparam_128_byte_arg
[       OK ] semu-memory/context_bigparam_128_byte_arg
[ RUN      ] semu-memory/memory_deviceptr_int64_min_safe
[       OK ] semu-memory/memory_deviceptr_int64_min_safe
[ RUN      ] semu-memory/memory_typed_access_contract
[       OK ] semu-memory/memory_typed_access_contract
[ RUN      ] semu-memory/memory_domain_isolate_and_reclaim
[       OK ] semu-memory/memory_domain_isolate_and_reclaim
[ RUN      ] semu-memory/context_pointer_arg_lifecycle_validation
[       OK ] semu-memory/context_pointer_arg_lifecycle_validation
[ RUN      ] semu-memory/context_shared_size_overflow
[       OK ] semu-memory/context_shared_size_overflow
[ RUN      ] semu-memory/context_full_bank_image_launch
[       OK ] semu-memory/context_full_bank_image_launch
[ RUN      ] semu-memory/context_services_backend_and_function_lifetime
[       OK ] semu-memory/context_services_backend_and_function_lifetime
[ RUN      ] semu-memory/memory_domain_access_isolation
[       OK ] semu-memory/memory_domain_access_isolation
[ RUN      ] semu-memory/memory_typed_access_width_matrix
[       OK ] semu-memory/memory_typed_access_width_matrix
[ RUN      ] semu-memory/context_repeated_launch_no_shared_leak
[       OK ] semu-memory/context_repeated_launch_no_shared_leak
[ RUN      ] semu-memory/constant_bank_layout_boundary
[       OK ] semu-memory/constant_bank_layout_boundary
[ RUN      ] semu-memory/context_event_channel
[       OK ] semu-memory/context_event_channel
[ RUN      ] semu-memory/context_backend_event_channel
[       OK ] semu-memory/context_backend_event_channel
[ RUN      ] semu-memory/context_multi_cta_shared_views
[       OK ] semu-memory/context_multi_cta_shared_views
[ RUN      ] semu-memory/context_launch_result_shared_not_dangling
[       OK ] semu-memory/context_launch_result_shared_not_dangling
[ RUN      ] semu-memory/context_cta_domain_ids_context_local
[       OK ] semu-memory/context_cta_domain_ids_context_local
[ RUN      ] semu-memory/context_grid_dims_overflow_rejected
[       OK ] semu-memory/context_grid_dims_overflow_rejected
[ RUN      ] semu-memory/context_block_dims_overflow_rejected
[       OK ] semu-memory/context_block_dims_overflow_rejected
[ RUN      ] semu-memory/memory_service_load_widths_and_sign_extension
[       OK ] semu-memory/memory_service_load_widths_and_sign_extension
[ RUN      ] semu-memory/memory_service_store_widths
[       OK ] semu-memory/memory_service_store_widths
[ RUN      ] semu-memory/memory_service_shared_roundtrip_and_oob
[       OK ] semu-memory/memory_service_shared_roundtrip_and_oob
[ RUN      ] semu-memory/memory_service_shared_atomic
[       OK ] semu-memory/memory_service_shared_atomic
[ RUN      ] semu-memory/memory_service_global_atomic_128_faults
[       OK ] semu-memory/memory_service_global_atomic_128_faults
[ RUN      ] semu-memory/memory_service_bounds_alignment_overflow
[       OK ] semu-memory/memory_service_bounds_alignment_overflow
[  PASSED  ] all semu memory/context tests
