[ RUN      ] semu-shared-bank/shared_bank_stride1
[       OK ] semu-shared-bank/shared_bank_stride1
[ RUN      ] semu-shared-bank/shared_bank_stride2
[       OK ] semu-shared-bank/shared_bank_stride2
[ RUN      ] semu-shared-bank/shared_bank_stride_power_of_two
[       OK ] semu-shared-bank/shared_bank_stride_power_of_two
[ RUN      ] semu-shared-bank/shared_bank_stride33
[       OK ] semu-shared-bank/shared_bank_stride33
[ RUN      ] semu-shared-bank/shared_bank_broadcast
[       OK ] semu-shared-bank/shared_bank_broadcast
[ RUN      ] semu-shared-bank/shared_bank_partial_mask
[       OK ] semu-shared-bank/shared_bank_partial_mask
[ RUN      ] semu-shared-bank/shared_bank_width64
[       OK ] semu-shared-bank/shared_bank_width64
[ RUN      ] semu-shared-bank/shared_bank_width128
[       OK ] semu-shared-bank/shared_bank_width128
[ RUN      ] semu-shared-bank/shared_bank_width64_broadcast
[       OK ] semu-shared-bank/shared_bank_width64_broadcast
[ RUN      ] semu-shared-bank/shared_bank_write_flag
[       OK ] semu-shared-bank/shared_bank_write_flag
[ RUN      ] semu-shared-bank/shared_bank_conflict_reason_chain
[       OK ] semu-shared-bank/shared_bank_conflict_reason_chain
[ RUN      ] semu-shared-bank/shared_bank_model_version
[       OK ] semu-shared-bank/shared_bank_model_version
[  PASSED  ] all semu shared-bank tests
