[ RUN      ] semu-profiler/profiler_shared_broadcast
[       OK ] semu-profiler/profiler_shared_broadcast
[ RUN      ] semu-profiler/profiler_global_contiguous
[       OK ] semu-profiler/profiler_global_contiguous
[ RUN      ] semu-profiler/profiler_on_off_functional_identity
[       OK ] semu-profiler/profiler_on_off_functional_identity
[ RUN      ] semu-profiler/profiler_ldgsts_aggregate
[       OK ] semu-profiler/profiler_ldgsts_aggregate
[ RUN      ] semu-profiler/profiler_l2_separate_from_bank
[       OK ] semu-profiler/profiler_l2_separate_from_bank
[ RUN      ] semu-profiler/profiler_report_json_schema
[       OK ] semu-profiler/profiler_report_json_schema
[ RUN      ] semu-profiler/profiler_l2_shuffled_arrival_deterministic
[       OK ] semu-profiler/profiler_l2_shuffled_arrival_deterministic
[ RUN      ] semu-profiler/profiler_l1tex_subcore_arrangement_invariant
[       OK ] semu-profiler/profiler_l1tex_subcore_arrangement_invariant
[ RUN      ] semu-profiler/profiler_l1tex_miss_attribution_arrangement_invariant
[       OK ] semu-profiler/profiler_l1tex_miss_attribution_arrangement_invariant
[ RUN      ] semu-profiler/profiler_ldgsts_cg_bypass_negative
[       OK ] semu-profiler/profiler_ldgsts_cg_bypass_negative
[ RUN      ] semu-profiler/profiler_l1tex_cg_bypass_does_not_pollute_resident
[       OK ] semu-profiler/profiler_l1tex_cg_bypass_does_not_pollute_resident
[ RUN      ] semu-profiler/profiler_ldgsts_prediction_unavailable_overflow
[       OK ] semu-profiler/profiler_ldgsts_prediction_unavailable_overflow
[ RUN      ] semu-profiler/profiler_ldgsts_prediction_unavailable_direct
[       OK ] semu-profiler/profiler_ldgsts_prediction_unavailable_direct
[ RUN      ] semu-profiler/profiler_l1tex_prediction_unavailable_does_not_pollute_resident
[       OK ] semu-profiler/profiler_l1tex_prediction_unavailable_does_not_pollute_resident
[ RUN      ] semu-profiler/profiler_variant_aggregation_and_atomic_chain
[       OK ] semu-profiler/profiler_variant_aggregation_and_atomic_chain
[ RUN      ] semu-profiler/profiler_l2_orphan_duplicate_completions
[       OK ] semu-profiler/profiler_l2_orphan_duplicate_completions
[ RUN      ] semu-profiler/profiler_l2_duplicate_request_and_identity
[       OK ] semu-profiler/profiler_l2_duplicate_request_and_identity
[ RUN      ] semu-profiler/profiler_l2_atomic_chain_edges_permutation_invariant
[       OK ] semu-profiler/profiler_l2_atomic_chain_edges_permutation_invariant
[ RUN      ] semu-profiler/profiler_l2_atomic_chain_edge_identity
[       OK ] semu-profiler/profiler_l2_atomic_chain_edge_identity
[ RUN      ] semu-profiler/profiler_json_escape_special_chars
[       OK ] semu-profiler/profiler_json_escape_special_chars
[  PASSED  ] all semu profiler tests
