[ RUN      ] semu-l1tex/l1tex_empty_mask
[       OK ] semu-l1tex/l1tex_empty_mask
[ RUN      ] semu-l1tex/l1tex_single_token_uniform
[       OK ] semu-l1tex/l1tex_single_token_uniform
[ RUN      ] semu-l1tex/l1tex_token_sealing_16b
[       OK ] semu-l1tex/l1tex_token_sealing_16b
[ RUN      ] semu-l1tex/l1tex_token_of
[       OK ] semu-l1tex/l1tex_token_of
[ RUN      ] semu-l1tex/l1tex_active_mask_within_token
[       OK ] semu-l1tex/l1tex_active_mask_within_token
[ RUN      ] semu-l1tex/ldgsts_structured_confidence_counts
[       OK ] semu-l1tex/ldgsts_structured_confidence_counts
[ RUN      ] semu-l1tex/ldgsts_scattered_approximate
[       OK ] semu-l1tex/ldgsts_scattered_approximate
[ RUN      ] semu-l1tex/ldgsts_cg_bypass_unsupported
[       OK ] semu-l1tex/ldgsts_cg_bypass_unsupported
[ RUN      ] semu-l1tex/ldgsts_scattered_dest_8b_source_affine_not_exact
[       OK ] semu-l1tex/ldgsts_scattered_dest_8b_source_affine_not_exact
[ RUN      ] semu-l1tex/ldgsts_scattered_dest_16b_source_affine_not_exact
[       OK ] semu-l1tex/ldgsts_scattered_dest_16b_source_affine_not_exact
[ RUN      ] semu-l1tex/ldgsts_scattered_dest_4b_source_affine_not_exact
[       OK ] semu-l1tex/ldgsts_scattered_dest_4b_source_affine_not_exact
[ RUN      ] semu-l1tex/ldgsts_structured_both_sides_16b_exact
[       OK ] semu-l1tex/ldgsts_structured_both_sides_16b_exact
[ RUN      ] semu-l1tex/ldgsts_counts_exact_on_scattered
[       OK ] semu-l1tex/ldgsts_counts_exact_on_scattered
[ RUN      ] semu-l1tex/ldgsts_json_extended_fields
[       OK ] semu-l1tex/ldgsts_json_extended_fields
[ RUN      ] semu-l1tex/ldgsts_conflict_domains_separate
[       OK ] semu-l1tex/ldgsts_conflict_domains_separate
[  PASSED  ] all semu l1tex tests
