[ RUN      ] semu-cubin/cubin_loads_minimal_single_kernel
[       OK ] semu-cubin/cubin_loads_minimal_single_kernel
[ RUN      ] semu-cubin/cubin_loads_unknown_attr_preserved_with_warning
[       OK ] semu-cubin/cubin_loads_unknown_attr_preserved_with_warning
[ RUN      ] semu-cubin/cubin_rejects_unknown_eiattr_not_allowlisted
[       OK ] semu-cubin/cubin_rejects_unknown_eiattr_not_allowlisted
[ RUN      ] semu-cubin/cubin_rejects_bad_magic
[       OK ] semu-cubin/cubin_rejects_bad_magic
[ RUN      ] semu-cubin/cubin_rejects_truncated
[       OK ] semu-cubin/cubin_rejects_truncated
[ RUN      ] semu-cubin/cubin_rejects_wrong_arch_flags
[       OK ] semu-cubin/cubin_rejects_wrong_arch_flags
[ RUN      ] semu-cubin/cubin_rejects_wrong_machine
[       OK ] semu-cubin/cubin_rejects_wrong_machine
[ RUN      ] semu-cubin/cubin_rejects_oversized_section
[       OK ] semu-cubin/cubin_rejects_oversized_section
[ RUN      ] semu-cubin/cubin_rejects_corrupt_symbol_table
[       OK ] semu-cubin/cubin_rejects_corrupt_symbol_table
[ RUN      ] semu-cubin/cubin_rejects_malformed_eiattr
[       OK ] semu-cubin/cubin_rejects_malformed_eiattr
[ RUN      ] semu-cubin/cubin_relocation_out_of_range_symbol_fails
[       OK ] semu-cubin/cubin_relocation_out_of_range_symbol_fails
[ RUN      ] semu-cubin/cubin_multi_kernel_all_functions_listed
[       OK ] semu-cubin/cubin_multi_kernel_all_functions_listed
[ RUN      ] semu-cubin/cubin_associates_constant0_and_local_sections
[       OK ] semu-cubin/cubin_associates_constant0_and_local_sections
[ RUN      ] semu-cubin/cubin_kparam_permutations_normalize_to_same_order
[       OK ] semu-cubin/cubin_kparam_permutations_normalize_to_same_order
[ RUN      ] semu-cubin/cubin_kparam_rejects_duplicate_ordinal
[       OK ] semu-cubin/cubin_kparam_rejects_duplicate_ordinal
[ RUN      ] semu-cubin/cubin_kparam_rejects_zero_size
[       OK ] semu-cubin/cubin_kparam_rejects_zero_size
[ RUN      ] semu-cubin/cubin_kparam_rejects_overlap
[       OK ] semu-cubin/cubin_kparam_rejects_overlap
[ RUN      ] semu-cubin/cubin_kparam_rejects_oob_range
[       OK ] semu-cubin/cubin_kparam_rejects_oob_range
[ RUN      ] semu-cubin/cubin_illegal_word_strict_load_fails
[       OK ] semu-cubin/cubin_illegal_word_strict_load_fails
[ RUN      ] semu-cubin/cubin_illegal_word_inspection_keeps_all_entries
[       OK ] semu-cubin/cubin_illegal_word_inspection_keeps_all_entries
[ RUN      ] semu-cubin/cubin_rejects_odd_text_size
[       OK ] semu-cubin/cubin_rejects_odd_text_size
[ RUN      ] semu-cubin/cubin_rejects_symbol_range_outside_text
[       OK ] semu-cubin/cubin_rejects_symbol_range_outside_text
[ RUN      ] semu-cubin/cubin_relocation_abs32_applied
[       OK ] semu-cubin/cubin_relocation_abs32_applied
[ RUN      ] semu-cubin/cubin_relocation_bad_symbol_fails
[       OK ] semu-cubin/cubin_relocation_bad_symbol_fails
[ RUN      ] semu-cubin/cubin_relocation_unknown_exec_type_fails
[       OK ] semu-cubin/cubin_relocation_unknown_exec_type_fails
[ RUN      ] semu-cubin/cubin_rejects_symtab_with_non_strtab_link
[       OK ] semu-cubin/cubin_rejects_symtab_with_non_strtab_link
[ RUN      ] semu-cubin/cubin_rejects_symtab_small_entsize
[       OK ] semu-cubin/cubin_rejects_symtab_small_entsize
[ RUN      ] semu-cubin/cubin_rejects_wrong_osabi
[       OK ] semu-cubin/cubin_rejects_wrong_osabi
[ RUN      ] semu-cubin/cubin_rejects_wrong_abi_version
[       OK ] semu-cubin/cubin_rejects_wrong_abi_version
[ RUN      ] semu-cubin/cubin_relocation_uses_linked_secondary_symtab
[       OK ] semu-cubin/cubin_relocation_uses_linked_secondary_symtab
[ RUN      ] semu-cubin/cubin_relocation_constant_data_applied
[       OK ] semu-cubin/cubin_relocation_constant_data_applied
[ RUN      ] semu-cubin/cubin_relocation_oob_shinfo_no_crash
[       OK ] semu-cubin/cubin_relocation_oob_shinfo_no_crash
[ RUN      ] semu-cubin/cubin_inspection_allows_unknown_eiattr
[       OK ] semu-cubin/cubin_inspection_allows_unknown_eiattr
[ RUN      ] semu-cubin/cubin_kparam_non_monotonic_offsets_ok
[       OK ] semu-cubin/cubin_kparam_non_monotonic_offsets_ok
[ RUN      ] semu-cubin/cubin_kparam_overlap_non_monotonic_rejected
[       OK ] semu-cubin/cubin_kparam_overlap_non_monotonic_rejected
[ RUN      ] semu-cubin/cubin_kparam_error_keeps_context
[       OK ] semu-cubin/cubin_kparam_error_keeps_context
[ RUN      ] semu-cubin/cubin_relocation_nobits_target_rejected
[       OK ] semu-cubin/cubin_relocation_nobits_target_rejected
[ RUN      ] semu-cubin/cubin_word_pc_is_kernel_relative
[       OK ] semu-cubin/cubin_word_pc_is_kernel_relative
[ RUN      ] semu-cubin/cubin_rejects_text_align_below_128
[       OK ] semu-cubin/cubin_rejects_text_align_below_128
[ RUN      ] semu-cubin/cubin_relocation_unknown_target_strict_fails
[       OK ] semu-cubin/cubin_relocation_unknown_target_strict_fails
[ RUN      ] semu-cubin/cubin_relocation_debug_allowlist_skips
[       OK ] semu-cubin/cubin_relocation_debug_allowlist_skips
[ RUN      ] semu-cubin/cubin_executable_flag
[       OK ] semu-cubin/cubin_executable_flag
[  PASSED  ] all semu cubin loader tests
