[ RUN      ] semu-fp/fp_rounding_modes_distinct
[       OK ] semu-fp/fp_rounding_modes_distinct
[ RUN      ] semu-fp/fp_fma_tie_rounding
[       OK ] semu-fp/fp_fma_tie_rounding
[ RUN      ] semu-fp/fp_nan_canonical
[       OK ] semu-fp/fp_nan_canonical
[ RUN      ] semu-fp/fp_fmz_flush_all_inputs
[       OK ] semu-fp/fp_fmz_flush_all_inputs
[ RUN      ] semu-fp/fp_f64_rounding
[       OK ] semu-fp/fp_f64_rounding
[ RUN      ] semu-fp/fp_rounding_guard_restores_fenv
[       OK ] semu-fp/fp_rounding_guard_restores_fenv
[ RUN      ] semu-fp/fp_f64_to_narrow_direct
[       OK ] semu-fp/fp_f64_to_narrow_direct
[ RUN      ] semu-fp/fp_sat_special_values
[       OK ] semu-fp/fp_sat_special_values
[ RUN      ] semu-fp/fp_f64_to_f32_sat_finalize
[       OK ] semu-fp/fp_f64_to_f32_sat_finalize
[ RUN      ] semu-fp/fast_fp_finite_rn_matches_precise
[       OK ] semu-fp/fast_fp_finite_rn_matches_precise
[ RUN      ] semu-fp/fast_fp_sat_matches_precise
[       OK ] semu-fp/fast_fp_sat_matches_precise
[ RUN      ] semu-fp/fast_f2i_checked_range
[       OK ] semu-fp/fast_f2i_checked_range
[ RUN      ] semu-fp/fast_f2f_matches_precise
[       OK ] semu-fp/fast_f2f_matches_precise
[ RUN      ] semu-fp/fast_i2f_matches_precise
[       OK ] semu-fp/fast_i2f_matches_precise
[  PASSED  ] all semu fp tests
