[ RUN      ] semu/error_basic_construction
[       OK ] semu/error_basic_construction
[ RUN      ] semu/error_cause_chain
[       OK ] semu/error_cause_chain
[ RUN      ] semu/error_context_frames
[       OK ] semu/error_context_frames
[ RUN      ] semu/status_ok_and_failure
[       OK ] semu/status_ok_and_failure
[ RUN      ] semu/status_with_context
[       OK ] semu/status_with_context
[ RUN      ] semu/result_value_or_error
[       OK ] semu/result_value_or_error
[ RUN      ] semu/fault_context_and_report
[       OK ] semu/fault_context_and_report
[ RUN      ] semu/fault_with_cause_chain
[       OK ] semu/fault_with_cause_chain
[ RUN      ] semu/capability_states_roundtrip
[       OK ] semu/capability_states_roundtrip
[ RUN      ] semu/capability_manifest_scale
[       OK ] semu/capability_manifest_scale
[ RUN      ] semu/capability_queries
[       OK ] semu/capability_queries
[ RUN      ] semu/capability_json_byte_identical_roundtrip
[       OK ] semu/capability_json_byte_identical_roundtrip
[ RUN      ] semu/word_opcode_extraction
[       OK ] semu/word_opcode_extraction
[ RUN      ] semu/word_extract_bits_crossing_boundary
[       OK ] semu/word_extract_bits_crossing_boundary
[ RUN      ] semu/word_extract_multi_range
[       OK ] semu/word_extract_multi_range
[ RUN      ] semu/word_extract_full_64bit_range
[       OK ] semu/word_extract_full_64bit_range
[ RUN      ] semu/word_extract_boundary_lo_zero
[       OK ] semu/word_extract_boundary_lo_zero
[ RUN      ] semu/word_sign_extend
[       OK ] semu/word_sign_extend
[ RUN      ] semu/version_string
[       OK ] semu/version_string
[ RUN      ] semu/build_info_accessors
[       OK ] semu/build_info_accessors
[  PASSED  ] all semu core tests
