neg: DSMEM rank 4 out of range for cluster size 4  (caused by: )
neg: DSMEM access offset 0x1024 width 8 out of bounds of target CTA 1 window (1024 bytes)  (caused by: )
neg: DSMEM access offset 0x1016 width 16 out of bounds of target CTA 1 window (1024 bytes)  (caused by: )
[ RUN      ] semu-cluster/cluster_topology_basic_mapping
[       OK ] semu-cluster/cluster_topology_basic_mapping
[ RUN      ] semu-cluster/cluster_topology_legality
[       OK ] semu-cluster/cluster_topology_legality
[ RUN      ] semu-cluster/dsmem_translation_and_cross_cta_roundtrip
[       OK ] semu-cluster/dsmem_translation_and_cross_cta_roundtrip
[ RUN      ] semu-cluster/dsmem_negative_matrix
[       OK ] semu-cluster/dsmem_negative_matrix
[ RUN      ] semu-cluster/dsmem_rejected_without_cluster
[       OK ] semu-cluster/dsmem_rejected_without_cluster
[ RUN      ] semu-cluster/dsmem_local_mode_ignores_rank_bits
[       OK ] semu-cluster/dsmem_local_mode_ignores_rank_bits
[ RUN      ] semu-cluster/dsmem_rank0_is_cluster_rank0
[       OK ] semu-cluster/dsmem_rank0_is_cluster_rank0
[ RUN      ] semu-cluster/dsmem_event_identity_golden
[       OK ] semu-cluster/dsmem_event_identity_golden
[ RUN      ] semu-cluster/dsmem_atomic_widths_and_oob
[       OK ] semu-cluster/dsmem_atomic_widths_and_oob
[ RUN      ] semu-cluster/dsmem_forged_translation_rejected
[       OK ] semu-cluster/dsmem_forged_translation_rejected
[ RUN      ] semu-cluster/dsmem_cross_context_translation_rejected
[       OK ] semu-cluster/dsmem_cross_context_translation_rejected
[ RUN      ] semu-cluster/dsmem_true_atomic_rmw
[       OK ] semu-cluster/dsmem_true_atomic_rmw
[ RUN      ] semu-cluster/dsmem_auto_events_from_shared_access
[       OK ] semu-cluster/dsmem_auto_events_from_shared_access
[ RUN      ] semu-cluster/dsmem_cross_context_replay_during_launch
[       OK ] semu-cluster/dsmem_cross_context_replay_during_launch
[ RUN      ] semu-cluster/dsmem_kind_cross_reuse_rejected
[       OK ] semu-cluster/dsmem_kind_cross_reuse_rejected
[ RUN      ] semu-cluster/dsmem_invalid_enums_rejected
[       OK ] semu-cluster/dsmem_invalid_enums_rejected
[ RUN      ] semu-cluster/dsmem_event_stop_semantics
[       OK ] semu-cluster/dsmem_event_stop_semantics
[ RUN      ] semu-cluster/dsmem_atomic_rmw_multithreaded
[       OK ] semu-cluster/dsmem_atomic_rmw_multithreaded
[ RUN      ] semu-cluster/dsmem_token_full_width_nonce
[       OK ] semu-cluster/dsmem_token_full_width_nonce
[ RUN      ] semu-cluster/dsmem_generation_overflow_is_error
[       OK ] semu-cluster/dsmem_generation_overflow_is_error
[ RUN      ] semu-cluster/dsmem_previous_generation_translation_invalid_after_next_launch
[       OK ] semu-cluster/dsmem_previous_generation_translation_invalid_after_next_launch
[ RUN      ] semu-cluster/dsmem_generation_overflow_no_leak_no_active_state
[       OK ] semu-cluster/dsmem_generation_overflow_no_leak_no_active_state
[ RUN      ] semu-cluster/context_nonce_exhaustion_is_error
[       OK ] semu-cluster/context_nonce_exhaustion_is_error
[  PASSED  ] all semu cluster DSMEM tests
