== assembler single-kernel cubin
  ok  load exit 0
  ok  load reports 1 kernel
  ok  load names k_add
  ok  list-kernels exit 0
  ok  list-kernels 1 line
  ok  kernel name _Z5k_add
  ok  text size >= 256 (padded)
  ok  params = 4 (a,b,c,n)
  ok  disasm exit 0
  ok  disasm has FADD
  ok  disasm has EXIT
  ok  disasm has pc column
  ok  inspect exit 0
  ok  inspect sections
  ok  inspect symbols
== error paths
  ok  bad magic rejected
  ok  wrong e_flags rejected
  ok  truncated rejected
== EIATTR injection
  ok  found .nv.info.<kern> section
  ok  unknown EIATTR warns, load ok
  ok  non-allowlisted unknown EIATTR rejected
  ok  malformed EIATTR rejected
== nvcc multi-kernel cubin
  ok  multi: exit 0
  ok  multi: 3 kernels
  ok  multi: mangled names
  ok  multi: text sizes match nvcc (256/384/512)
  ok  multi: regcount 4/10/12
  ok  cuobjdump regcount _Z5k_nopv
  ok  cuobjdump regcount _Z7k_scalePKfPfif
  ok  cuobjdump regcount _Z5k_addPKfS0_Pfi
  ok  readelf section .text._Z5k_nopv
  ok  readelf section .text._Z7k_scalePKfPfif
  ok  readelf section .text._Z5k_addPKfS0_Pfi
  ok  readelf section .nv.info
  ok  readelf section .symtab
  ok  readelf FUNC GLOBAL symbols
  ok  multi: inspect exit 0
  ok  multi: k_add 4 params
  ok  multi: 8 param lines total (add 4 + scale 4 + nop 0)
  ok  multi: k_add param sizes 8,8,8,4 (ordinal asc)
  ok  multi: k_add param ordinals 0,1,2,3
  ok  multi: disasm k_nop exit 0
  ok  multi: disasm has EXIT
  ok  disasm unknown kernel fails
== P2-GAP probes
  ok  bad OSABI rejected
  ok  odd text size rejected
  ok  illegal word fails strict load
  ok  inspection disasm keeps pc0 placeholder
  ok  inspect shows constant0
  ok  inspect shows shared
  note  assembler cubin has no .rela; OOB sh_info covered by unit test cubin_relocation_oob_shinfo_no_crash
  ok  strict load rejects unknown 0x51
  ok  inspection disasm tolerates unknown 0x51

PASS: 0 failure(s)
