bssy fault: kind=0 BSSY join target from pc 0x0 is out of range or misaligned
[ RUN      ] semu-interp/interp_s2r_tid_and_exit
[       OK ] semu-interp/interp_s2r_tid_and_exit
[ RUN      ] semu-interp/interp_partial_warp
[       OK ] semu-interp/interp_partial_warp
[ RUN      ] semu-interp/interp_bra_loop
[       OK ] semu-interp/interp_bra_loop
[ RUN      ] semu-interp/interp_bssy_bsync
[       OK ] semu-interp/interp_bssy_bsync
[ RUN      ] semu-interp/interp_multi_warp
[       OK ] semu-interp/interp_multi_warp
[ RUN      ] semu-interp/interp_instruction_limit
[       OK ] semu-interp/interp_instruction_limit
[ RUN      ] semu-interp/interp_decode_only_fault_locality
[       OK ] semu-interp/interp_decode_only_fault_locality
[ RUN      ] semu-interp/interp_s2ur_uniform
[       OK ] semu-interp/interp_s2ur_uniform
[ RUN      ] semu-interp/interp_partial_exit_divergence
[       OK ] semu-interp/interp_partial_exit_divergence
[ RUN      ] semu-interp/interp_barrier_deadlock
[       OK ] semu-interp/interp_barrier_deadlock
[ RUN      ] semu-interp/interp_terminal_state_classification
[       OK ] semu-interp/interp_terminal_state_classification
[ RUN      ] semu-interp/interp_continuous_vs_step_consistency
[       OK ] semu-interp/interp_continuous_vs_step_consistency
[ RUN      ] semu-interp/interp_predicated_alu_per_lane_guard
[       OK ] semu-interp/interp_predicated_alu_per_lane_guard
[ RUN      ] semu-interp/interp_jmp_absolute
[       OK ] semu-interp/interp_jmp_absolute
[ RUN      ] semu-interp/interp_brx_register_indirect
[       OK ] semu-interp/interp_brx_register_indirect
[ RUN      ] semu-interp/interp_invalid_branch_target_fault
[       OK ] semu-interp/interp_invalid_branch_target_fault
[ RUN      ] semu-interp/interp_round_robin_fairness
[       OK ] semu-interp/interp_round_robin_fairness
[ RUN      ] semu-interp/interp_brx_checked_arith_boundaries
[       OK ] semu-interp/interp_brx_checked_arith_boundaries
[ RUN      ] semu-interp/interp_invalid_bssy_target_fault
[       OK ] semu-interp/interp_invalid_bssy_target_fault
[ RUN      ] semu-interp/interp_bssy_dual_path_convergence
[       OK ] semu-interp/interp_bssy_dual_path_convergence
[ RUN      ] semu-interp/interp_nested_bssy_partial_exit
[       OK ] semu-interp/interp_nested_bssy_partial_exit
[ RUN      ] semu-interp/interp_compute_ffma
[       OK ] semu-interp/interp_compute_ffma
[ RUN      ] semu-interp/interp_compute_ffma_fast
[       OK ] semu-interp/interp_compute_ffma_fast
[ RUN      ] semu-interp/interp_compute_ffma_fast_fallback
[       OK ] semu-interp/interp_compute_ffma_fast_fallback
[ RUN      ] semu-interp/interp_fast_fenv_restore
[       OK ] semu-interp/interp_fast_fenv_restore
[ RUN      ] semu-interp/interp_fast_rounding_modifier_classification
[       OK ] semu-interp/interp_fast_rounding_modifier_classification
[ RUN      ] semu-interp/interp_compute_lop3
[       OK ] semu-interp/interp_compute_lop3
[ RUN      ] semu-interp/interp_compute_shf
[       OK ] semu-interp/interp_compute_shf
[ RUN      ] semu-interp/interp_compute_p2r
[       OK ] semu-interp/interp_compute_p2r
[ RUN      ] semu-interp/interp_dual_mode_state_equality
[       OK ] semu-interp/interp_dual_mode_state_equality
[ RUN      ] semu-interp/interp_step_fast_consistency
[       OK ] semu-interp/interp_step_fast_consistency
[ RUN      ] semu-interp/interp_fast_per_lane_fallback_mix
[       OK ] semu-interp/interp_fast_per_lane_fallback_mix
[ RUN      ] semu-interp/interp_fast_bf16_layout_dual_mode
[       OK ] semu-interp/interp_fast_bf16_layout_dual_mode
[ RUN      ] semu-interp/interp_fast_pins_rn_during_run
[       OK ] semu-interp/interp_fast_pins_rn_during_run
[ RUN      ] semu-interp/interp_fast_f2f_overflow_fallback_single_count
[       OK ] semu-interp/interp_fast_f2f_overflow_fallback_single_count
[ RUN      ] semu-interp/interp_phase6_lds_sts_ldg_stg
[       OK ] semu-interp/interp_phase6_lds_sts_ldg_stg
[ RUN      ] semu-interp/interp_phase6_load_sign_extension
[       OK ] semu-interp/interp_phase6_load_sign_extension
[ RUN      ] semu-interp/interp_phase6_shared_oob_fault
[       OK ] semu-interp/interp_phase6_shared_oob_fault
[ RUN      ] semu-interp/interp_phase6_atomic_contention
[       OK ] semu-interp/interp_phase6_atomic_contention
[ RUN      ] semu-interp/interp_phase6_membar_depbar_order
[       OK ] semu-interp/interp_phase6_membar_depbar_order
[ RUN      ] semu-interp/interp_phase6_worker_count_invariance
[       OK ] semu-interp/interp_phase6_worker_count_invariance
[ RUN      ] semu-interp/interp_phase6_l1tex_trace_only_and_subcore
[       OK ] semu-interp/interp_phase6_l1tex_trace_only_and_subcore
[ RUN      ] semu-interp/interp_phase6_l2_trace_only
[       OK ] semu-interp/interp_phase6_l2_trace_only
[ RUN      ] semu-interp/interp_phase6_race_worker_count_json_identity
[       OK ] semu-interp/interp_phase6_race_worker_count_json_identity
[ RUN      ] semu-interp/interp_phase6_effective_address_race_overlap
[       OK ] semu-interp/interp_phase6_effective_address_race_overlap
[ RUN      ] semu-interp/interp_phase6_l2_effective_address_crosses_sector
[       OK ] semu-interp/interp_phase6_l2_effective_address_crosses_sector
[ RUN      ] semu-interp/interp_phase6_atomic_inc_dec_cas_signed
[       OK ] semu-interp/interp_phase6_atomic_inc_dec_cas_signed
[ RUN      ] semu-interp/interp_phase6_atomic_unknown_op_not_downgraded
[       OK ] semu-interp/interp_phase6_atomic_unknown_op_not_downgraded
[ RUN      ] semu-interp/interp_phase6_failing_atomic_not_recorded_race_l2
[       OK ] semu-interp/interp_phase6_failing_atomic_not_recorded_race_l2
[ RUN      ] semu-interp/interp_phase6_successful_atomic_still_recorded_race_l2
[       OK ] semu-interp/interp_phase6_successful_atomic_still_recorded_race_l2
[ RUN      ] semu-interp/interp_phase6_l1tex_coupled_ldgsts_prediction
[       OK ] semu-interp/interp_phase6_l1tex_coupled_ldgsts_prediction
[ RUN      ] semu-interp/interp_phase6_l2_worker_count_deterministic_trace
[       OK ] semu-interp/interp_phase6_l2_worker_count_deterministic_trace
[ RUN      ] semu-interp/interp_phase6_subcore_warp_linear_small_block
[       OK ] semu-interp/interp_phase6_subcore_warp_linear_small_block
[ RUN      ] semu-interp/interp_phase6_l2_cta_sm_mapping
[       OK ] semu-interp/interp_phase6_l2_cta_sm_mapping
[ RUN      ] semu-interp/interp_phase6_l2_worker_count_shared_engine
[       OK ] semu-interp/interp_phase6_l2_worker_count_shared_engine
[ RUN      ] semu-interp/interp_phase6_ldgsts_full_64bit_address_high_bits
[       OK ] semu-interp/interp_phase6_ldgsts_full_64bit_address_high_bits
[ RUN      ] semu-interp/interp_phase6_ldgsts_uniform_base_crosses_tag
[       OK ] semu-interp/interp_phase6_ldgsts_uniform_base_crosses_tag
[ RUN      ] semu-interp/interp_phase6_ldgsts_uniform_pair_high_half_nonzero
[       OK ] semu-interp/interp_phase6_ldgsts_uniform_pair_high_half_nonzero
[ RUN      ] semu-interp/interp_phase6_ldgsts_base_plus_uniform_overflow_prediction_unavailable
[       OK ] semu-interp/interp_phase6_ldgsts_base_plus_uniform_overflow_prediction_unavailable
[ RUN      ] semu-interp/interp_phase9_ldgsts_functional_copy
[       OK ] semu-interp/interp_phase9_ldgsts_functional_copy
[ RUN      ] semu-interp/interp_phase9_ldgsts_committed_bytes_observable
[       OK ] semu-interp/interp_phase9_ldgsts_committed_bytes_observable
[ RUN      ] semu-interp/interp_phase9_mbarrier_syncs_phase_flip
[       OK ] semu-interp/interp_phase9_mbarrier_syncs_phase_flip
[ RUN      ] semu-interp/interp_phase9_mbarrier_expect_tx_interpreter
[       OK ] semu-interp/interp_phase9_mbarrier_expect_tx_interpreter
[ RUN      ] semu-interp/interp_phase9_mbarrier_trywait_deadlock
[       OK ] semu-interp/interp_phase9_mbarrier_trywait_deadlock
[ RUN      ] semu-interp/interp_phase9_dsmem_cross_cta_mapping
[       OK ] semu-interp/interp_phase9_dsmem_cross_cta_mapping
[ RUN      ] semu-interp/interp_phase9_profiler_address_expansion_consistency
[       OK ] semu-interp/interp_phase9_profiler_address_expansion_consistency
[ RUN      ] semu-interp/interp_phase9_utmaldg_load
[       OK ] semu-interp/interp_phase9_utmaldg_load
[ RUN      ] semu-interp/interp_phase9_utmastg_store
[       OK ] semu-interp/interp_phase9_utmastg_store
[ RUN      ] semu-interp/interp_phase9_utmaredg_reduce
[       OK ] semu-interp/interp_phase9_utmaredg_reduce
[ RUN      ] semu-interp/interp_phase9_hmma_bf16_k16
[       OK ] semu-interp/interp_phase9_hmma_bf16_k16
[ RUN      ] semu-interp/interp_phase9_qmma_k32_e4m3
[       OK ] semu-interp/interp_phase9_qmma_k32_e4m3
[ RUN      ] semu-interp/interp_phase9_qmma_k16_e4m3
[       OK ] semu-interp/interp_phase9_qmma_k16_e4m3
[ RUN      ] semu-interp/interp_phase9_omma_k64_e2m1
[       OK ] semu-interp/interp_phase9_omma_k64_e2m1
[ RUN      ] semu-interp/interp_phase9_tensor_all_lanes_identical
[       OK ] semu-interp/interp_phase9_tensor_all_lanes_identical
[  PASSED  ] all semu interpreter tests
